// Vitest Snapshot v1, https://vitest.dev/guide/snapshot.html

exports[`CDK Snapshot Tests > Matches infrastructure snapshot 1`] = `
"{
  "Resources": {
    "AuthUserPool8115E87F": {
      "Type": "AWS::Cognito::UserPool",
      "Properties": {
        "AccountRecoverySetting": {
          "RecoveryMechanisms": [
            {
              "Name": "verified_email",
              "Priority": 1
            }
          ]
        },
        "AdminCreateUserConfig": {
          "AllowAdminCreateUserOnly": false
        },
        "AutoVerifiedAttributes": [
          "email"
        ],
        "EmailVerificationMessage": "The verification code to your new account is {####}",
        "EmailVerificationSubject": "Verify your new account",
        "Policies": {
          "PasswordPolicy": {
            "MinimumLength": 8,
            "RequireLowercase": true,
            "RequireNumbers": true,
            "RequireSymbols": true,
            "RequireUppercase": true
          }
        },
        "Schema": [
          {
            "Mutable": true,
            "Name": "email",
            "Required": true
          }
        ],
        "SmsVerificationMessage": "The verification code to your new account is {####}",
        "UserPoolName": "TestStack-user-pool",
        "UsernameAttributes": [
          "email"
        ],
        "VerificationMessageTemplate": {
          "DefaultEmailOption": "CONFIRM_WITH_CODE",
          "EmailMessage": "The verification code to your new account is {####}",
          "EmailSubject": "Verify your new account",
          "SmsMessage": "The verification code to your new account is {####}"
        }
      },
      "UpdateReplacePolicy": "Retain",
      "DeletionPolicy": "Retain"
    },
    "AuthUserPoolClient0AA456E4": {
      "Type": "AWS::Cognito::UserPoolClient",
      "Properties": {
        "AllowedOAuthFlows": [
          "implicit",
          "code"
        ],
        "AllowedOAuthFlowsUserPoolClient": true,
        "AllowedOAuthScopes": [
          "profile",
          "phone",
          "email",
          "openid",
          "aws.cognito.signin.user.admin"
        ],
        "CallbackURLs": [
          "https://example.com"
        ],
        "ExplicitAuthFlows": [
          "ALLOW_USER_PASSWORD_AUTH",
          "ALLOW_ADMIN_USER_PASSWORD_AUTH",
          "ALLOW_REFRESH_TOKEN_AUTH"
        ],
        "SupportedIdentityProviders": [
          "COGNITO"
        ],
        "UserPoolId": {
          "Ref": "AuthUserPool8115E87F"
        }
      }
    }
  },
  "Outputs": {
    "AuthUserPoolIdC0605E59": {
      "Value": {
        "Ref": "AuthUserPool8115E87F"
      }
    },
    "AuthUserPoolClientId8216BF9A": {
      "Value": {
        "Ref": "AuthUserPoolClient0AA456E4"
      }
    }
  },
  "Parameters": {
    "BootstrapVersion": {
      "Type": "AWS::SSM::Parameter::Value<String>",
      "Default": "/cdk-bootstrap/hnb659fds/version",
      "Description": "Version of the CDK Bootstrap resources in this environment, automatically retrieved from SSM Parameter Store. [cdk:skip]"
    }
  },
  "Rules": {
    "CheckBootstrapVersion": {
      "Assertions": [
        {
          "Assert": {
            "Fn::Not": [
              {
                "Fn::Contains": [
                  [
                    "1",
                    "2",
                    "3",
                    "4",
                    "5"
                  ],
                  {
                    "Ref": "BootstrapVersion"
                  }
                ]
              }
            ]
          },
          "AssertDescription": "CDK bootstrap stack version 6 required. Please run 'cdk bootstrap' with a recent version of the CDK CLI."
        }
      ]
    }
  }
}"
`;
